HI-TECH Software C Compiler 

Linker command line:

--edf=C:\Program Files (x86)\HI-TECH Software\PICC\9.81\dat\en_msgs.txt -cs \
  -h+matlab.sym -z -Q16F887 -ol.obj -Mmatlab.map -E1 -ACONST=00h-0FFhx32 \
  -ACODE=00h-07FFhx4 -ASTRCODE=00h-01FFFh -AENTRY=00h-0FFhx32 \
  -ASTRING=00h-0FFhx32 -ABANK0=020h-06Fh -ABANK1=0A0h-0EFh \
  -ABANK2=0110h-016Fh -ABANK3=0190h-01EFh \
  -ARAM=020h-06Fh,0A0h-0EFh,0110h-016Fh,0190h-01EFh \
  -AABS1=020h-07Fh,0A0h-0EFh,0110h-016Fh,0190h-01EFh -ACOMMON=070h-07Fh \
  -ASFR0=00h-01Fh -ASFR1=080h-09Fh -ASFR2=0100h-010Fh -ASFR3=0180h-018Fh \
  -preset_vec=00h,intentry,init,end_init -ppowerup=CODE -pfunctab=CODE \
  -ACONFIG=02007h-02008h -pconfig=CONFIG -DCONFIG=2 -AIDLOC=02000h-02003h \
  -pidloc=IDLOC -DIDLOC=2 -AEEDATA=00h-0FFh/02100h -peeprom_data=EEDATA \
  -DEEDATA=2 -DCODE=2 -DSTRCODE=2 -DSTRING=2 -DCONST=2 -DENTRY=2 -k \
  startup.obj matlab.obj 

Object code version is 3.10

Machine type is 16F887



                Name                               Link     Load   Length Selector   Space Scale
startup.obj     end_init                              0        0        3        0       0
matlab.obj      text142                             764      764       32      EC8       0
                text141                             743      743       21      E86       0
                text140                             731      731        9      E62       0
                text139                             73A      73A        9      E74       0
                maintext                            796      796       6A      F2C       0
                cstackCOMMON                         70       70        A       70       1
                cinit                               72D      72D        4      E5A       0

TOTAL           Name                               Link     Load   Length     Space
        CLASS   CONST          

        CLASS   CODE           
                end_init                              0        0        3         0
                text142                             764      764       32         0
                text141                             743      743       21         0
                text140                             731      731        9         0
                text139                             73A      73A        9         0
                maintext                            796      796       6A         0
                cinit                               72D      72D        4         0

        CLASS   STRCODE        

        CLASS   ENTRY          

        CLASS   STRING         

        CLASS   BANK0          

        CLASS   BANK1          

        CLASS   BANK2          

        CLASS   BANK3          

        CLASS   RAM            

        CLASS   ABS1           
                abs_s1                               7E       7E        2         1

        CLASS   COMMON         
                cstackCOMMON                         70       70        A         1

        CLASS   SFR0           

        CLASS   SFR1           

        CLASS   SFR2           

        CLASS   SFR3           

        CLASS   CONFIG         

        CLASS   IDLOC          

        CLASS   EEDATA         



SEGMENTS        Name                           Load    Length   Top    Selector   Space  Class     Delta

                reset_vec                      000000  000003  000003         0       0  CODE        2
                cstackCOMMON                   000070  00000A  00007A        70       1  COMMON      1
                cinit                          00072D  000004  000731       E5A       0  CODE        2
                text140                        000731  000009  00073A       E62       0  CODE        2
                text139                        00073A  000009  000743       E74       0  CODE        2
                text141                        000743  000021  000764       E86       0  CODE        2
                text142                        000764  000032  000796       EC8       0  CODE        2
                maintext                       000796  00006A  000800       F2C       0  CODE        2


UNUSED ADDRESS RANGES

        Name                Unused          Largest block    Delta
        BANK0            0020-006F             50           1
        BANK1            00A0-00EF             50           1
        BANK2            0110-016F             60           1
        BANK3            0190-01EF             60           1
        CODE             0003-072C            72A           2
                         0800-1FFF            800
        COMMON           007A-007D              4           1
        CONFIG           2007-2008              2           2
        CONST            0003-072C            100           2
                         0800-1FFF            100
        EEDATA           2100-21FF            100           2
        ENTRY            0003-072C            100           2
                         0800-1FFF            100
        IDLOC            2000-2003              4           2
        RAM              0020-006F             50           1
                         00A0-00EF             50
                         0110-016F             60
                         0190-01EF             60
        SFR0             0000-001F             20           1
        SFR1             0080-009F             20           1
        SFR2             0100-010F             10           1
        SFR3             0180-018F             10           1
        STRCODE          0003-072C            72A           2
                         0800-1FFF           1800
        STRING           0003-072C            100           2
                         0800-1FFF            100

                                  Symbol Table

??_Latch              cstackCOMMON 0078
??_cmd                cstackCOMMON 0078
??_dat                cstackCOMMON 0078
??_delay              cstackCOMMON 0074
??_main               cstackCOMMON 0078
?_Latch               cstackCOMMON 0070
?_cmd                 cstackCOMMON 0070
?_dat                 cstackCOMMON 0070
?_delay               cstackCOMMON 0070
?_main                cstackCOMMON 0070
_ANSELH               (abs)        0189
_Latch                text141      0743
_PORTB                (abs)        0006
_PORTC                (abs)        0007
_PORTD                (abs)        0008
_RC1                  (abs)        0039
_RCIF                 (abs)        0065
_RCREG                (abs)        001A
_RCSTA                (abs)        0018
_RD0                  (abs)        0040
_RD1                  (abs)        0041
_RD2                  (abs)        0042
_RD3                  (abs)        0043
_RD4                  (abs)        0044
_RD5                  (abs)        0045
_RD6                  (abs)        0046
_RD7                  (abs)        0047
_SPBRG                (abs)        0099
_TRISB                (abs)        0086
_TRISC                (abs)        0087
_TRISD                (abs)        0088
_TXIF                 (abs)        0064
_TXREG                (abs)        0019
_TXSTA                (abs)        0098
__Habs1               abs1         0000
__Hbank0              bank0        0000
__Hbank1              bank1        0000
__Hbank2              bank2        0000
__Hbank3              bank3        0000
__Hcinit              cinit        0000
__Hclrtext            clrtext      0000
__Hcode               code         0000
__Hcommon             common       0000
__Hconfig             config       0000
__HcstackCOMMON       cstackCOMMON 0000
__Heeprom_data        eeprom_data  0000
__Hend_init           end_init     0003
__Hfunctab            functab      0000
__Hidloc              idloc        0000
__Hinit               init         0000
__Hintentry           intentry     0000
__Hmaintext           maintext     0000
__Hpowerup            powerup      0000
__Hram                ram          0000
__Hreset_vec          reset_vec    0000
__Hsfr0               sfr0         0000
__Hsfr1               sfr1         0000
__Hsfr2               sfr2         0000
__Hsfr3               sfr3         0000
__Hstrings            strings      0000
__Htext               text         0000
__Labs1               abs1         0000
__Lbank0              bank0        0000
__Lbank1              bank1        0000
__Lbank2              bank2        0000
__Lbank3              bank3        0000
__Lcinit              cinit        0000
__Lclrtext            clrtext      0000
__Lcode               code         0000
__Lcommon             common       0000
__Lconfig             config       0000
__LcstackCOMMON       cstackCOMMON 0000
__Leeprom_data        eeprom_data  0000
__Lend_init           end_init     0000
__Lfunctab            functab      0000
__Lidloc              idloc        0000
__Linit               init         0000
__Lintentry           intentry     0000
__Lmaintext           maintext     0000
__Lpowerup            powerup      0000
__Lram                ram          0000
__Lreset_vec          reset_vec    0000
__Lsfr0               sfr0         0000
__Lsfr1               sfr1         0000
__Lsfr2               sfr2         0000
__Lsfr3               sfr3         0000
__Lstrings            strings      0000
__Ltext               text         0000
__S0                  (abs)        0800
__S1                  (abs)        007A
__S2                  (abs)        0000
__end_of_Latch        text141      0764
__end_of_cmd          text140      073A
__end_of_dat          text139      0743
__end_of_delay        text142      0796
__end_of_main         maintext     0800
__pcstackCOMMON       cstackCOMMON 0070
__pmaintext           maintext     0796
__ptext138            text138      0000
__ptext139            text139      073A
__ptext140            text140      0731
__ptext141            text141      0743
__ptext142            text142      0764
__ptext143            text143      0000
__size_of_Latch       (abs)        0000
__size_of_cmd         (abs)        0000
__size_of_dat         (abs)        0000
__size_of_delay       (abs)        0000
__size_of_main        (abs)        0000
_cmd                  text140      0731
_dat                  text139      073A
_delay                text142      0764
_exit                 init         0000
_main                 maintext     0796
btemp                 (abs)        007E
delay@i               cstackCOMMON 0070
end_of_initialization cinit        072D
intlevel0             functab      0000
intlevel1             functab      0000
intlevel2             functab      0000
intlevel3             functab      0000
intlevel4             functab      0000
intlevel5             functab      0000
main@ch               cstackCOMMON 0079
reset_vec             reset_vec    0000
start                 init         0000
start_initialization  cinit        072D
wtemp0                (abs)        007E
